// Jest Snapshot v1, https://goo.gl/fbAQLP

exports[`Return DayItem 1`] = `
<div
  className="day"
  id={1}
  onClick={[Function]}
  onFocus={[Function]}
  onKeyDown={[Function]}
  role="button"
  tabIndex="0"
>
  <p
    className="weekday"
  >
    <b>
      Monday
    </b>
  </p>
  <img
    alt="weather"
    src="http://openweathermap.org/img/w/rain.png"
    style={
      Object {
        "height": 50,
        "width": 50,
      }
    }
  />
  <p
    className="temperature"
  >
    <b>
      Max: 
    </b>
    30
    °C 
    <br />
    <b>
      Min: 
    </b>
    -16
    °C
  </p>
  <p
    className="date"
  >
    2017-12-30
  </p>
</div>
`;
