// Jest Snapshot v1, https://goo.gl/fbAQLP

exports[`Return DayItem 1`] = `
<div
  className="card"
  id={1}
  onClick={[Function]}
  onFocus={[Function]}
  onKeyDown={[Function]}
  role="button"
  tabIndex="0"
>
  <div
    className="card-image"
  >
    <figure
      className="image is-4by3"
    >
      <img
        alt="weather"
        src="http://openweathermap.org/img/w/rain.png"
        style={
          Object {
            "height": 50,
            "width": 50,
          }
        }
      />
    </figure>
  </div>
  <div
    className="card-content"
  >
    <div
      className="media"
    >
      <div
        className="media-content"
      >
        <p
          className="title is-4"
        >
          Monday
        </p>
        <p>
          <b>
            Data
          </b>
          : 
          2017-12-30
        </p>
        <p>
          <b>
            Min
          </b>
          : 
          -16
          °C
          <b>
            Max
          </b>
          : 
          30
          °C
        </p>
      </div>
    </div>
  </div>
</div>
`;
