// Jest Snapshot v1, https://goo.gl/fbAQLP

exports[`Return SearchForm 1`] = `
<form
  className="search-form"
>
  <div
    className="form-group"
  >
    <input
      autoComplete="off"
      className="form-control"
      id="city-input"
      onChange={[Function]}
      onKeyDown={[Function]}
      placeholder="Enter city"
      type="text"
      value=""
    />
    <input
      className="btn btn-primary btn-search"
      onClick={[Function]}
      type="submit"
      value="Search"
    />
  </div>
  <div
    className="city-autocomplete hidden"
  />
</form>
`;
